Creating model: ('PP-OCRv5_mobile_det', 'C:\\ITDA_OCR_CODE\\weights\\paddle\\PP-OCRv5_mobile_det', None)
INFO: Could not find files for the given pattern(s).
C:\ITDA_OCR_CODE\.labeling_paddle_env\lib\site-packages\paddle\utils\cpp_extension\extension_utils.py:718: UserWarning: No ccache found. Please be aware that recompiling all source files may be required. You can download and install ccache from: https://github.com/ccache/ccache/blob/master/doc/INSTALL.md
  warnings.warn(warning_message)
WARNING: Logging before InitGoogleLogging() is written to STDERR
I0912 00:02:28.545933 21252 onednn_context.cc:81] oneDNN v3.6.2
Creating model: ('korean_PP-OCRv5_mobile_rec', 'C:\\ITDA_OCR_CODE\\weights\\paddle\\korean_PP-OCRv5_mobile_rec', None)
Text candidates: 40/258 images, 84 regions
Text candidates: 80/258 images, 153 regions
Text candidates: 120/258 images, 225 regions
Text candidates: 160/258 images, 287 regions
Text candidates: 200/258 images, 339 regions
Text candidates: 240/258 images, 404 regions
{
  "images_updated": 258,
  "regions_processed": 430,
  "nonempty_candidates": 403,
  "conflicting_images_preserved": [],
  "approval_status": "pending",
  "method": "CPU OCR suggestions only"
}
