----------------------------------------
Exception occurred during processing of request from ('127.0.0.1', 56552)
Traceback (most recent call last):
  File "C:\Users\ujkio\AppData\Roaming\uv\python\cpython-3.10-windows-x86_64-none\lib\socketserver.py", line 683, in process_request_thread
    self.finish_request(request, client_address)
  File "C:\Users\ujkio\AppData\Roaming\uv\python\cpython-3.10-windows-x86_64-none\lib\socketserver.py", line 360, in finish_request
    self.RequestHandlerClass(request, client_address, self)
  File "C:\Users\ujkio\AppData\Roaming\uv\python\cpython-3.10-windows-x86_64-none\lib\socketserver.py", line 747, in __init__
    self.handle()
  File "C:\Users\ujkio\AppData\Roaming\uv\python\cpython-3.10-windows-x86_64-none\lib\http\server.py", line 437, in handle
    self.handle_one_request()
  File "C:\Users\ujkio\AppData\Roaming\uv\python\cpython-3.10-windows-x86_64-none\lib\http\server.py", line 425, in handle_one_request
    method()
  File "C:\ITDA_OCR_CODE\scripts\ocr_annotations.py", line 485, in do_GET
    return self.send(buffer.getvalue(),'image/png')
  File "C:\ITDA_OCR_CODE\scripts\ocr_annotations.py", line 451, in send
    self.wfile.write(data)
  File "C:\Users\ujkio\AppData\Roaming\uv\python\cpython-3.10-windows-x86_64-none\lib\socketserver.py", line 826, in write
    self._sock.sendall(b)
ConnectionAbortedError: [WinError 10053] 현재 연결은 사용자의 호스트 시스템의 소프트웨어의 의해 중단되었습니다
----------------------------------------
----------------------------------------
Exception occurred during processing of request from ('127.0.0.1', 63626)
Traceback (most recent call last):
  File "C:\Users\ujkio\AppData\Roaming\uv\python\cpython-3.10-windows-x86_64-none\lib\socketserver.py", line 683, in process_request_thread
    self.finish_request(request, client_address)
  File "C:\Users\ujkio\AppData\Roaming\uv\python\cpython-3.10-windows-x86_64-none\lib\socketserver.py", line 360, in finish_request
    self.RequestHandlerClass(request, client_address, self)
  File "C:\Users\ujkio\AppData\Roaming\uv\python\cpython-3.10-windows-x86_64-none\lib\socketserver.py", line 747, in __init__
    self.handle()
  File "C:\Users\ujkio\AppData\Roaming\uv\python\cpython-3.10-windows-x86_64-none\lib\http\server.py", line 437, in handle
    self.handle_one_request()
  File "C:\Users\ujkio\AppData\Roaming\uv\python\cpython-3.10-windows-x86_64-none\lib\http\server.py", line 425, in handle_one_request
    method()
  File "C:\ITDA_OCR_CODE\scripts\ocr_annotations.py", line 485, in do_GET
    return self.send(buffer.getvalue(),'image/png')
  File "C:\ITDA_OCR_CODE\scripts\ocr_annotations.py", line 451, in send
    self.wfile.write(data)
  File "C:\Users\ujkio\AppData\Roaming\uv\python\cpython-3.10-windows-x86_64-none\lib\socketserver.py", line 826, in write
    self._sock.sendall(b)
ConnectionAbortedError: [WinError 10053] 현재 연결은 사용자의 호스트 시스템의 소프트웨어의 의해 중단되었습니다
----------------------------------------
----------------------------------------
Exception occurred during processing of request from ('127.0.0.1', 53241)
Traceback (most recent call last):
  File "C:\Users\ujkio\AppData\Roaming\uv\python\cpython-3.10-windows-x86_64-none\lib\socketserver.py", line 683, in process_request_thread
    self.finish_request(request, client_address)
  File "C:\Users\ujkio\AppData\Roaming\uv\python\cpython-3.10-windows-x86_64-none\lib\socketserver.py", line 360, in finish_request
    self.RequestHandlerClass(request, client_address, self)
  File "C:\Users\ujkio\AppData\Roaming\uv\python\cpython-3.10-windows-x86_64-none\lib\socketserver.py", line 747, in __init__
    self.handle()
  File "C:\Users\ujkio\AppData\Roaming\uv\python\cpython-3.10-windows-x86_64-none\lib\http\server.py", line 437, in handle
    self.handle_one_request()
  File "C:\Users\ujkio\AppData\Roaming\uv\python\cpython-3.10-windows-x86_64-none\lib\http\server.py", line 425, in handle_one_request
    method()
  File "C:\ITDA_OCR_CODE\scripts\ocr_annotations.py", line 485, in do_GET
    return self.send(buffer.getvalue(),'image/png')
  File "C:\ITDA_OCR_CODE\scripts\ocr_annotations.py", line 451, in send
    self.wfile.write(data)
  File "C:\Users\ujkio\AppData\Roaming\uv\python\cpython-3.10-windows-x86_64-none\lib\socketserver.py", line 826, in write
    self._sock.sendall(b)
ConnectionAbortedError: [WinError 10053] 현재 연결은 사용자의 호스트 시스템의 소프트웨어의 의해 중단되었습니다
----------------------------------------
----------------------------------------
Exception occurred during processing of request from ('127.0.0.1', 53070)
Traceback (most recent call last):
  File "C:\Users\ujkio\AppData\Roaming\uv\python\cpython-3.10-windows-x86_64-none\lib\socketserver.py", line 683, in process_request_thread
    self.finish_request(request, client_address)
  File "C:\Users\ujkio\AppData\Roaming\uv\python\cpython-3.10-windows-x86_64-none\lib\socketserver.py", line 360, in finish_request
    self.RequestHandlerClass(request, client_address, self)
  File "C:\Users\ujkio\AppData\Roaming\uv\python\cpython-3.10-windows-x86_64-none\lib\socketserver.py", line 747, in __init__
    self.handle()
  File "C:\Users\ujkio\AppData\Roaming\uv\python\cpython-3.10-windows-x86_64-none\lib\http\server.py", line 437, in handle
    self.handle_one_request()
  File "C:\Users\ujkio\AppData\Roaming\uv\python\cpython-3.10-windows-x86_64-none\lib\http\server.py", line 425, in handle_one_request
    method()
  File "C:\ITDA_OCR_CODE\scripts\ocr_annotations.py", line 485, in do_GET
    return self.send(buffer.getvalue(),'image/png')
  File "C:\ITDA_OCR_CODE\scripts\ocr_annotations.py", line 451, in send
    self.wfile.write(data)
  File "C:\Users\ujkio\AppData\Roaming\uv\python\cpython-3.10-windows-x86_64-none\lib\socketserver.py", line 826, in write
    self._sock.sendall(b)
ConnectionAbortedError: [WinError 10053] 현재 연결은 사용자의 호스트 시스템의 소프트웨어의 의해 중단되었습니다
----------------------------------------
